Using pre-set license
Built from '2021.2/staging' branch; Version is '2021.2.8f1 (d0e5f0a7b06a) revision 13690352'; Using compiler version '192829333'; Build Type 'Release'
OS: 'Windows 10  (10.0.19041) 64bit Education' Language: 'en' Physical Memory: 3919 MB
BatchMode: 1, IsHumanControllingUs: 0, StartBugReporterOnCrash: 0, Is64bit: 1, IsPro: 0

COMMAND LINE ARGUMENTS:
C:\Program Files\Unity 2021.2.8f1\Editor\Unity.exe
-adb2
-batchMode
-noUpm
-name
AssetImportWorker1
-projectPath
D:/00013470/oooooooo
-logFile
Logs/AssetImportWorker1.log
-srvPort
61209
Successfully changed project path to: D:/00013470/oooooooo
D:/00013470/oooooooo
[UnityMemory] Configuration Parameters - Can be set up in boot.config
    "memorysetup-bucket-allocator-granularity=16"
    "memorysetup-bucket-allocator-bucket-count=8"
    "memorysetup-bucket-allocator-block-size=33554432"
    "memorysetup-bucket-allocator-block-count=8"
    "memorysetup-main-allocator-block-size=16777216"
    "memorysetup-thread-allocator-block-size=16777216"
    "memorysetup-gfx-main-allocator-block-size=16777216"
    "memorysetup-gfx-thread-allocator-block-size=16777216"
    "memorysetup-cache-allocator-block-size=4194304"
    "memorysetup-typetree-allocator-block-size=2097152"
    "memorysetup-profiler-bucket-allocator-granularity=16"
    "memorysetup-profiler-bucket-allocator-bucket-count=8"
    "memorysetup-profiler-bucket-allocator-block-size=33554432"
    "memorysetup-profiler-bucket-allocator-block-count=8"
    "memorysetup-profiler-allocator-block-size=16777216"
    "memorysetup-profiler-editor-allocator-block-size=1048576"
    "memorysetup-temp-allocator-size-main=16777216"
    "memorysetup-job-temp-allocator-block-size=2097152"
    "memorysetup-job-temp-allocator-block-size-background=1048576"
    "memorysetup-job-temp-allocator-reduction-small-platforms=262144"
    "memorysetup-temp-allocator-size-background-worker=32768"
    "memorysetup-temp-allocator-size-job-worker=262144"
    "memorysetup-temp-allocator-size-preload-manager=33554432"
    "memorysetup-temp-allocator-size-nav-mesh-worker=65536"
    "memorysetup-temp-allocator-size-audio-worker=65536"
    "memorysetup-temp-allocator-size-cloud-worker=32768"
    "memorysetup-temp-allocator-size-gi-baking-worker=262144"
    "memorysetup-temp-allocator-size-gfx=262144"
Refreshing native plugins compatible for Editor in 330.78 ms, found 3 plugins.
Preloading 0 native plugins for Editor in 0.00 ms.
Initialize engine version: 2021.2.8f1 (d0e5f0a7b06a)
[Subsystems] Discovering subsystems at path C:/Program Files/Unity 2021.2.8f1/Editor/Data/Resources/UnitySubsystems
[Subsystems] Discovering subsystems at path D:/00013470/oooooooo/Assets
GfxDevice: creating device client; threaded=0; jobified=0
Direct3D:
    Version:  Direct3D 11.0 [level 11.1]
    Renderer: Intel(R) UHD Graphics 600 (ID=0x3185)
    Vendor:   Intel
    VRAM:     1959 MB
    Driver:   27.20.100.8873
Initialize mono
Mono path[0] = 'C:/Program Files/Unity 2021.2.8f1/Editor/Data/Managed'
Mono path[1] = 'C:/Program Files/Unity 2021.2.8f1/Editor/Data/MonoBleedingEdge/lib/mono/unityjit-win32'
Mono config path = 'C:/Program Files/Unity 2021.2.8f1/Editor/Data/MonoBleedingEdge/etc'
Using monoOptions --debugger-agent=transport=dt_socket,embedding=1,server=y,suspend=n,address=127.0.0.1:56812
Begin MonoManager ReloadAssembly
Registering precompiled unity dll's ...
Register platform support module: C:/Program Files/Unity 2021.2.8f1/Editor/Data/PlaybackEngines/WindowsStandaloneSupport/UnityEditor.WindowsStandalone.Extensions.dll
Registered in 0.014195 seconds.
Native extension for WindowsStandalone target not found
Refreshing native plugins compatible for Editor in 244.59 ms, found 3 plugins.
Preloading 0 native plugins for Editor in 0.00 ms.
Mono: successfully reloaded assembly
- Completed reload, in  1.836 seconds
Domain Reload Profiling:
	ReloadAssembly (1838ms)
		BeginReloadAssembly (238ms)
			ExecutionOrderSort (0ms)
			DisableScriptedObjects (0ms)
			BackupInstance (0ms)
			ReleaseScriptingObjects (0ms)
			CreateAndSetChildDomain (2ms)
		EndReloadAssembly (1361ms)
			LoadAssemblies (231ms)
			RebuildTransferFunctionScriptingTraits (0ms)
			SetupTypeCache (330ms)
			ReleaseScriptCaches (0ms)
			RebuildScriptCaches (77ms)
			SetupLoadedEditorAssemblies (781ms)
				LogAssemblyErrors (0ms)
				InitializePlatformSupportModulesInManaged (39ms)
				SetLoadedEditorAssemblies (0ms)
				RefreshPlugins (245ms)
				BeforeProcessingInitializeOnLoad (3ms)
				ProcessInitializeOnLoadAttributes (360ms)
				ProcessInitializeOnLoadMethodAttributes (133ms)
				AfterProcessingInitializeOnLoad (0ms)
				EditorAssembliesLoaded (0ms)
			ExecutionOrderSort2 (0ms)
			AwakeInstancesAfterBackupRestoration (0ms)
Platform modules already initialized, skipping
Registering precompiled user dll's ...
Registered in 0.013767 seconds.
Begin MonoManager ReloadAssembly
Symbol file LoadedFromMemory doesn't match image D:\00013470\oooooooo\Library\PackageCache\com.unity.visualscripting@1.7.6\Editor\VisualScripting.Core\Dependencies\YamlDotNet\Unity.VisualScripting.YamlDotNet.dll
Symbol file LoadedFromMemory doesn't match image D:\00013470\oooooooo\Library\PackageCache\com.unity.visualscripting@1.7.6\Editor\VisualScripting.Core\Dependencies\DotNetZip\Unity.VisualScripting.IonicZip.dll
Native extension for WindowsStandalone target not found
Refreshing native plugins compatible for Editor in 1.82 ms, found 3 plugins.
Preloading 0 native plugins for Editor in 0.00 ms.
System.Exception: Error! Visual Scripting: couldn't find visual scripting package
  at Unity.VisualScripting.PackageVersionUtility.get_version () [0x00043] in D:\00013470\oooooooo\Library\PackageCache\com.unity.visualscripting@1.7.6\Editor\VisualScripting.Core\Utilities\PackageVersionUtility.cs:31 
  at Unity.VisualScripting.BoltCoreManifest.get_version () [0x00000] in D:\00013470\oooooooo\Library\PackageCache\com.unity.visualscripting@1.7.6\Editor\VisualScripting.Core\Plugin\BoltCoreManifest.cs:11 
  at Unity.VisualScripting.PluginManifest.get_currentVersion () [0x00000] in D:\00013470\oooooooo\Library\PackageCache\com.unity.visualscripting@1.7.6\Editor\VisualScripting.Core\Plugins\PluginManifest.cs:33 
  at Unity.VisualScripting.PluginManifest.get_versionMismatch () [0x00000] in D:\00013470\oooooooo\Library\PackageCache\com.unity.visualscripting@1.7.6\Editor\VisualScripting.Core\Plugins\PluginManifest.cs:48 
  at Unity.VisualScripting.PluginContainer.Initialize () [0x00525] in D:\00013470\oooooooo\Library\PackageCache\com.unity.visualscripting@1.7.6\Editor\VisualScripting.Core\Plugins\PluginContainer.cs:208 
  at Unity.VisualScripting.PluginContainer.InitializeOnLoad () [0x00009] in D:\00013470\oooooooo\Library\PackageCache\com.unity.visualscripting@1.7.6\Editor\VisualScripting.Core\Plugins\PluginContainer.cs:32 
  at Unity.VisualScripting.VSUsageUtility.DoInitializeOnLoadCalls () [0x00034] in D:\00013470\oooooooo\Library\PackageCache\com.unity.visualscripting@1.7.6\Editor\VisualScripting.Core\Utilities\VSUsageUtility.cs:76 
  at Unity.VisualScripting.VSUsageUtility.set_isVisualScriptingUsed (System.Boolean value) [0x0002c] in D:\00013470\oooooooo\Library\PackageCache\com.unity.visualscripting@1.7.6\Editor\VisualScripting.Core\Utilities\VSUsageUtility.cs:114 
  at Unity.VisualScripting.VSUsageUtility.CheckAndSetIsVisualScriptingUsed () [0x00032] in D:\00013470\oooooooo\Library\PackageCache\com.unity.visualscripting@1.7.6\Editor\VisualScripting.Core\Utilities\VSUsageUtility.cs:48 
  at Unity.VisualScripting.VSUsageUtility..cctor () [0x00000] in D:\00013470\oooooooo\Library\PackageCache\com.unity.visualscripting@1.7.6\Editor\VisualScripting.Core\Utilities\VSUsageUtility.cs:22 
UnityEngine.StackTraceUtility:ExtractStackTrace ()
UnityEngine.DebugLogHandler:LogFormat (UnityEngine.LogType,UnityEngine.Object,string,object[])
UnityEngine.Logger:Log (UnityEngine.LogType,object)
UnityEngine.Debug:LogError (object)
UnityEditor.EditorAssemblies:ProcessInitializeOnLoadAttributes (System.Type[])

Mono: successfully reloaded assembly
- Completed reload, in  5.823 seconds
Domain Reload Profiling:
	ReloadAssembly (5825ms)
		BeginReloadAssembly (268ms)
			ExecutionOrderSort (0ms)
			DisableScriptedObjects (15ms)
			BackupInstance (0ms)
			ReleaseScriptingObjects (0ms)
			CreateAndSetChildDomain (45ms)
		EndReloadAssembly (4773ms)
			LoadAssemblies (615ms)
			RebuildTransferFunctionScriptingTraits (0ms)
			SetupTypeCache (1142ms)
			ReleaseScriptCaches (2ms)
			RebuildScriptCaches (232ms)
			SetupLoadedEditorAssemblies (2655ms)
				LogAssemblyErrors (0ms)
				InitializePlatformSupportModulesInManaged (61ms)
				SetLoadedEditorAssemblies (1ms)
				RefreshPlugins (2ms)
				BeforeProcessingInitializeOnLoad (512ms)
				ProcessInitializeOnLoadAttributes (1883ms)
				ProcessInitializeOnLoadMethodAttributes (178ms)
				AfterProcessingInitializeOnLoad (18ms)
				EditorAssembliesLoaded (0ms)
			ExecutionOrderSort2 (0ms)
			AwakeInstancesAfterBackupRestoration (16ms)
Platform modules already initialized, skipping
========================================================================
Worker process is ready to serve import requests
Launched and connected shader compiler UnityShaderCompiler.exe after 0.76 seconds
Refreshing native plugins compatible for Editor in 2.31 ms, found 3 plugins.
Preloading 0 native plugins for Editor in 0.00 ms.
Unloading 3230 Unused Serialized files (Serialized files now loaded: 1)
Unloading 26 unused Assets / (110.1 KB). Loaded Objects now: 3699.
Memory consumption went from 119.3 MB to 119.2 MB.
Total: 91.682800 ms (FindLiveObjects: 1.245900 ms CreateObjectMapping: 0.357500 ms MarkObjects: 89.782200 ms  DeleteObjects: 0.291500 ms)

AssetImportParameters requested are different than current active one (requested -> active):
  custom:video-decoder-ogg-theora: a1e56fd34408186e4bbccfd4996cb3dc -> 
  custom:container-muxer-webm: aa71ff27fc2769a1b78a27578f13a17b -> 
  custom:container-demuxer-webm: 4f35f7cbe854078d1ac9338744f61a02 -> 
  custom:video-encoder-webm-vp8: eb34c28f22e8b96e1ab97ce403110664 -> 
  custom:audio-encoder-webm-vorbis: bf7c407c2cedff20999df2af8eb42d56 -> 
  custom:framework-win-MediaFoundation: 216162199b28c13a410421893ffa2e32 -> 
  custom:container-demuxer-ogg: 62fdf1f143b41e24485cea50d1cbac27 -> 
  custom:video-decoder-webm-vp8: 9c59270c3fd7afecdb556c50c9e8de78 -> 
  custom:audio-decoder-ogg-vorbis: bf7c407c2cedff20999df2af8eb42d56 -> 
========================================================================
Received Import Request.
  Time since last request: 4863.656307 seconds.
  path: Assets/KajamansRoads/Materials/6RoadMob.mat
  artifactKey: Guid(0c77a9b0ac420b847a6657c467b36680) Importer(815301076,1909f56bfc062723c751e8b465ee728b)
Start importing Assets/KajamansRoads/Materials/6RoadMob.mat using Guid(0c77a9b0ac420b847a6657c467b36680) Importer(815301076,1909f56bfc062723c751e8b465ee728b)  -> (artifact id: 'e8346212dfd28ece3fe10c50156e970e') in 2.269909 seconds 
========================================================================
Received Import Request.
  Time since last request: 0.000062 seconds.
  path: Assets/KajamansRoads/Materials/PineMat.mat
  artifactKey: Guid(6900649d937cbd64584262b080771b22) Importer(815301076,1909f56bfc062723c751e8b465ee728b)
Start importing Assets/KajamansRoads/Materials/PineMat.mat using Guid(6900649d937cbd64584262b080771b22) Importer(815301076,1909f56bfc062723c751e8b465ee728b)  -> (artifact id: 'c3810e4bdfd4374a5419a1714481ee64') in 0.061050 seconds 
========================================================================
Received Import Request.
  Time since last request: 0.037034 seconds.
  path: Assets/KajamansRoads/Materials/GrassMat.mat
  artifactKey: Guid(2e831c083c6337f41b2339e23fbaed5e) Importer(815301076,1909f56bfc062723c751e8b465ee728b)
Start importing Assets/KajamansRoads/Materials/GrassMat.mat using Guid(2e831c083c6337f41b2339e23fbaed5e) Importer(815301076,1909f56bfc062723c751e8b465ee728b)  -> (artifact id: 'f9b01d31f568b38bbd9db8c7228c4593') in 0.060403 seconds 
========================================================================
Received Import Request.
  Time since last request: 0.000053 seconds.
  path: Assets/KajamansRoads/Materials/DirtRoadMat.mat
  artifactKey: Guid(0e2c7a3736bbcf6429b6c142c6bb36bc) Importer(815301076,1909f56bfc062723c751e8b465ee728b)
Start importing Assets/KajamansRoads/Materials/DirtRoadMat.mat using Guid(0e2c7a3736bbcf6429b6c142c6bb36bc) Importer(815301076,1909f56bfc062723c751e8b465ee728b)  -> (artifact id: '465c458b9babf1fd6c2f1ebc2457af2a') in 0.023438 seconds 
========================================================================
Received Import Request.
  Time since last request: 0.000071 seconds.
  path: Assets/KajamansRoads/Materials/GuardRailMob.mat
  artifactKey: Guid(d07e65a7ea4251342bccc1ac50e4f453) Importer(815301076,1909f56bfc062723c751e8b465ee728b)
Start importing Assets/KajamansRoads/Materials/GuardRailMob.mat using Guid(d07e65a7ea4251342bccc1ac50e4f453) Importer(815301076,1909f56bfc062723c751e8b465ee728b)  -> (artifact id: 'edc20ba6d16259d8d8d9e721708a0d0f') in 0.019471 seconds 
========================================================================
Received Import Request.
  Time since last request: 0.000062 seconds.
  path: Assets/KajamansRoads/Materials/GuardRailMat.mat
  artifactKey: Guid(fd7c9158d78c14b43ba4dfda8af7afa8) Importer(815301076,1909f56bfc062723c751e8b465ee728b)
Start importing Assets/KajamansRoads/Materials/GuardRailMat.mat using Guid(fd7c9158d78c14b43ba4dfda8af7afa8) Importer(815301076,1909f56bfc062723c751e8b465ee728b)  -> (artifact id: '3bc15ba32054ad92af87694bf155a54b') in 0.097242 seconds 
========================================================================
Received Import Request.
  Time since last request: 0.000063 seconds.
  path: Assets/KajamansRoads/Materials/TreesMob.mat
  artifactKey: Guid(1658da97f5b5f304694dc03502987a3f) Importer(815301076,1909f56bfc062723c751e8b465ee728b)
Start importing Assets/KajamansRoads/Materials/TreesMob.mat using Guid(1658da97f5b5f304694dc03502987a3f) Importer(815301076,1909f56bfc062723c751e8b465ee728b)  -> (artifact id: 'adeed3116956775f7085d17d9286beec') in 0.039405 seconds 
========================================================================
Received Import Request.
  Time since last request: 0.000380 seconds.
  path: Assets/KajamansRoads/Materials/6RoadMat.mat
  artifactKey: Guid(81d5ef976824ab9448707292bc4a5884) Importer(815301076,1909f56bfc062723c751e8b465ee728b)
Start importing Assets/KajamansRoads/Materials/6RoadMat.mat using Guid(81d5ef976824ab9448707292bc4a5884) Importer(815301076,1909f56bfc062723c751e8b465ee728b)  -> (artifact id: '52e187927b7eba42afd0b1b1f5a8658f') in 0.062953 seconds 
========================================================================
Received Import Request.
  Time since last request: 0.000056 seconds.
  path: Assets/KajamansRoads/Materials/CornMob.mat
  artifactKey: Guid(722fc5104832c4544b183a83e470029e) Importer(815301076,1909f56bfc062723c751e8b465ee728b)
Start importing Assets/KajamansRoads/Materials/CornMob.mat using Guid(722fc5104832c4544b183a83e470029e) Importer(815301076,1909f56bfc062723c751e8b465ee728b)  -> (artifact id: 'ed630e3d10f8af62dd369046d0ef8a1d') in 0.047570 seconds 
========================================================================
Received Import Request.
  Time since last request: 0.000081 seconds.
  path: Assets/KajamansRoads/Materials/1RoadMob.mat
  artifactKey: Guid(d13de2fe17705894b8d1881d44165e8b) Importer(815301076,1909f56bfc062723c751e8b465ee728b)
Start importing Assets/KajamansRoads/Materials/1RoadMob.mat using Guid(d13de2fe17705894b8d1881d44165e8b) Importer(815301076,1909f56bfc062723c751e8b465ee728b)  -> (artifact id: 'b99d6eefc143539a00dfd19530a27455') in 0.079171 seconds 
========================================================================
Received Import Request.
  Time since last request: 0.000052 seconds.
  path: Assets/KajamansRoads/Materials/2RoadMat.mat
  artifactKey: Guid(fce506d6213fc8645809d972536683b5) Importer(815301076,1909f56bfc062723c751e8b465ee728b)
Start importing Assets/KajamansRoads/Materials/2RoadMat.mat using Guid(fce506d6213fc8645809d972536683b5) Importer(815301076,1909f56bfc062723c751e8b465ee728b)  -> (artifact id: '47d9ca380084ce1b74210677ed186f38') in 0.254425 seconds 
========================================================================
Received Import Request.
  Time since last request: 0.000083 seconds.
  path: Assets/KajamansRoads/Materials/4RoadMat.mat
  artifactKey: Guid(a56ecb4b0075cf0438f4253f983e3286) Importer(815301076,1909f56bfc062723c751e8b465ee728b)
Start importing Assets/KajamansRoads/Materials/4RoadMat.mat using Guid(a56ecb4b0075cf0438f4253f983e3286) Importer(815301076,1909f56bfc062723c751e8b465ee728b)  -> (artifact id: '6925192197cc6d90e347a3b678c0131a') in 0.031537 seconds 
========================================================================
Received Import Request.
  Time since last request: 0.000595 seconds.
  path: Assets/KajamansRoads/Materials/TreesMat.mat
  artifactKey: Guid(b6403be70606b9f41a7c4e6ca4c72178) Importer(815301076,1909f56bfc062723c751e8b465ee728b)
Start importing Assets/KajamansRoads/Materials/TreesMat.mat using Guid(b6403be70606b9f41a7c4e6ca4c72178) Importer(815301076,1909f56bfc062723c751e8b465ee728b)  -> (artifact id: 'f288b506aadb6babfb11ba8632f484de') in 0.018288 seconds 
========================================================================
Received Import Request.
  Time since last request: 0.000123 seconds.
  path: Assets/KajamansRoads/Materials/GrassMob.mat
  artifactKey: Guid(8416ef8d926448d478f2d1436d6c6838) Importer(815301076,1909f56bfc062723c751e8b465ee728b)
Start importing Assets/KajamansRoads/Materials/GrassMob.mat using Guid(8416ef8d926448d478f2d1436d6c6838) Importer(815301076,1909f56bfc062723c751e8b465ee728b)  -> (artifact id: '8a5b41a6a0593d89949302cc5bc4c10b') in 0.022966 seconds 
========================================================================
Received Import Request.
  Time since last request: 0.000070 seconds.
  path: Assets/KajamansRoads/Materials/LeafyMat.mat
  artifactKey: Guid(1e696263d1ac49f409a7af13c0a40468) Importer(815301076,1909f56bfc062723c751e8b465ee728b)
Start importing Assets/KajamansRoads/Materials/LeafyMat.mat using Guid(1e696263d1ac49f409a7af13c0a40468) Importer(815301076,1909f56bfc062723c751e8b465ee728b)  -> (artifact id: '6d21f7972f4ea5c621fcc208846adefe') in 0.037544 seconds 
========================================================================
Received Import Request.
  Time since last request: 0.000091 seconds.
  path: Assets/KajamansRoads/Materials/CornMat.mat
  artifactKey: Guid(b075f69b3512eb747b85a1f49a275b6e) Importer(815301076,1909f56bfc062723c751e8b465ee728b)
Start importing Assets/KajamansRoads/Materials/CornMat.mat using Guid(b075f69b3512eb747b85a1f49a275b6e) Importer(815301076,1909f56bfc062723c751e8b465ee728b)  -> (artifact id: '2bd2d79eb6abf9071d89fa10b8fd6fe4') in 0.023320 seconds 
========================================================================
Received Import Request.
  Time since last request: 0.000046 seconds.
  path: Assets/KajamansRoads/Materials/1RoadMat.mat
  artifactKey: Guid(3a7596c57e2138b4c83f87f7b0aa4074) Importer(815301076,1909f56bfc062723c751e8b465ee728b)
Start importing Assets/KajamansRoads/Materials/1RoadMat.mat using Guid(3a7596c57e2138b4c83f87f7b0aa4074) Importer(815301076,1909f56bfc062723c751e8b465ee728b)  -> (artifact id: 'ff09ac688e9888f974dffcdc40cfd585') in 0.066682 seconds 
========================================================================
Received Import Request.
  Time since last request: 0.260171 seconds.
  path: Assets/KajamansRoads/Materials/4RoadMob.mat
  artifactKey: Guid(6ce1fb43cedab4144bae5e1f87517e7a) Importer(815301076,1909f56bfc062723c751e8b465ee728b)
Start importing Assets/KajamansRoads/Materials/4RoadMob.mat using Guid(6ce1fb43cedab4144bae5e1f87517e7a) Importer(815301076,1909f56bfc062723c751e8b465ee728b)  -> (artifact id: 'cfe8f1f5eda03f99065eb0fda3b71281') in 0.027629 seconds 
========================================================================
Received Import Request.
  Time since last request: 0.000055 seconds.
  path: Assets/KajamansRoads/Materials/2RoadMob.mat
  artifactKey: Guid(ddf1b20df9693fa4bbdc3319e0fc8b65) Importer(815301076,1909f56bfc062723c751e8b465ee728b)
Start importing Assets/KajamansRoads/Materials/2RoadMob.mat using Guid(ddf1b20df9693fa4bbdc3319e0fc8b65) Importer(815301076,1909f56bfc062723c751e8b465ee728b)  -> (artifact id: 'a0ce06a2b96c4e6d030acd75333b860d') in 0.020112 seconds 
========================================================================
Received Import Request.
  Time since last request: 0.000068 seconds.
  path: Assets/KajamansRoads/Materials/DirtRoadMob.mat
  artifactKey: Guid(bb1c5d5e8f23ff14c9a32795bfea3a76) Importer(815301076,1909f56bfc062723c751e8b465ee728b)
Start importing Assets/KajamansRoads/Materials/DirtRoadMob.mat using Guid(bb1c5d5e8f23ff14c9a32795bfea3a76) Importer(815301076,1909f56bfc062723c751e8b465ee728b)  -> (artifact id: '839fcecbd452c16ea185cd8bd9a9cce1') in 0.039422 seconds 
========================================================================
Received Import Request.
  Time since last request: 13.897668 seconds.
  path: Assets/KajamansRoads
  artifactKey: Guid(85b36cbdff82cf242974475b0212006c) Importer(815301076,1909f56bfc062723c751e8b465ee728b)
Start importing Assets/KajamansRoads using Guid(85b36cbdff82cf242974475b0212006c) Importer(815301076,1909f56bfc062723c751e8b465ee728b)  -> (artifact id: '7395d99afb299afbe7d761cb569537db') in 0.004635 seconds 
========================================================================
Received Import Request.
  Time since last request: 389.206347 seconds.
  path: Assets/illusionloop.com/road props/Physics performance test.unity
  artifactKey: Guid(d2e333caa3e23a8498fcf30d06a076c3) Importer(815301076,1909f56bfc062723c751e8b465ee728b)
Start importing Assets/illusionloop.com/road props/Physics performance test.unity using Guid(d2e333caa3e23a8498fcf30d06a076c3) Importer(815301076,1909f56bfc062723c751e8b465ee728b)  -> (artifact id: 'b98dde02b271677c07ff16cbd6b56763') in 0.004559 seconds 
========================================================================
Received Import Request.
  Time since last request: 200.516030 seconds.
  path: Assets/illusionloop.com/road props/Prefabs Demo.unity
  artifactKey: Guid(fb524a3882137a1498ac5868154aa30d) Importer(815301076,1909f56bfc062723c751e8b465ee728b)
Start importing Assets/illusionloop.com/road props/Prefabs Demo.unity using Guid(fb524a3882137a1498ac5868154aa30d) Importer(815301076,1909f56bfc062723c751e8b465ee728b)  -> (artifact id: 'a801ecaf553145b2de003d8be759c6cc') in 0.017076 seconds 
========================================================================
Received Import Request.
  Time since last request: 10.470691 seconds.
  path: Assets/illusionloop.com/road props/Source Models
  artifactKey: Guid(9c3f6af6d1b681e4fbc10b8810fbe540) Importer(815301076,1909f56bfc062723c751e8b465ee728b)
Start importing Assets/illusionloop.com/road props/Source Models using Guid(9c3f6af6d1b681e4fbc10b8810fbe540) Importer(815301076,1909f56bfc062723c751e8b465ee728b)  -> (artifact id: '716bc7a523dcedc20599ee41edc72919') in 0.007530 seconds 
========================================================================
Received Import Request.
  Time since last request: 0.196433 seconds.
  path: Assets/illusionloop.com/road props/Source Models/road objects low poly - collision meshes.fbx
  artifactKey: Guid(22aed7e249de16a45abd73169cd52c2a) Importer(815301076,1909f56bfc062723c751e8b465ee728b)
Start importing Assets/illusionloop.com/road props/Source Models/road objects low poly - collision meshes.fbx using Guid(22aed7e249de16a45abd73169cd52c2a) Importer(815301076,1909f56bfc062723c751e8b465ee728b)  -> (artifact id: 'f6585c2f23d05743e037d765b31754d8') in 0.493255 seconds 
========================================================================
Received Import Request.
  Time since last request: 0.000285 seconds.
  path: Assets/illusionloop.com/road props/Source Models/road objects low poly.fbx
  artifactKey: Guid(03ba5d78f50a4244dbc65a86f2686426) Importer(815301076,1909f56bfc062723c751e8b465ee728b)
Start importing Assets/illusionloop.com/road props/Source Models/road objects low poly.fbx using Guid(03ba5d78f50a4244dbc65a86f2686426) Importer(815301076,1909f56bfc062723c751e8b465ee728b)  -> (artifact id: 'ddd7fe0196c2c7c054c9ffc80a935019') in 0.638327 seconds 
========================================================================
Received Import Request.
  Time since last request: 10.964113 seconds.
  path: Assets/illusionloop.com/road props/Source Models/Materials
  artifactKey: Guid(c68905e27d52f4d468d983cd625eb8c6) Importer(815301076,1909f56bfc062723c751e8b465ee728b)
Start importing Assets/illusionloop.com/road props/Source Models/Materials using Guid(c68905e27d52f4d468d983cd625eb8c6) Importer(815301076,1909f56bfc062723c751e8b465ee728b)  -> (artifact id: 'bc02b2782179ad359bfcc5e906330581') in 0.002846 seconds 
========================================================================
Received Import Request.
  Time since last request: 0.000069 seconds.
  path: Assets/illusionloop.com/road props/Source Models/Materials/road objects low poly 2 alpha.mat
  artifactKey: Guid(6bc58838f4d76234b8a449ead9b27f9e) Importer(815301076,1909f56bfc062723c751e8b465ee728b)
Start importing Assets/illusionloop.com/road props/Source Models/Materials/road objects low poly 2 alpha.mat using Guid(6bc58838f4d76234b8a449ead9b27f9e) Importer(815301076,1909f56bfc062723c751e8b465ee728b)  -> (artifact id: '1970e1badf5b85517f83776fb3bd9eb2') in 0.658449 seconds 
========================================================================
Received Import Request.
  Time since last request: 0.000069 seconds.
  path: Assets/illusionloop.com/road props/Source Models/Materials/road objects low poly.mat
  artifactKey: Guid(e55a4622525b5084caa7b92a958e5df0) Importer(815301076,1909f56bfc062723c751e8b465ee728b)
Start importing Assets/illusionloop.com/road props/Source Models/Materials/road objects low poly.mat using Guid(e55a4622525b5084caa7b92a958e5df0) Importer(815301076,1909f56bfc062723c751e8b465ee728b)  -> (artifact id: 'd8bc5d9e6adc62cc75e8ae915e8fc094') in 0.246179 seconds 
========================================================================
Received Import Request.
  Time since last request: 0.000082 seconds.
  path: Assets/illusionloop.com/road props/Source Models/Materials/road objects low poly 2.mat
  artifactKey: Guid(a13c3945339843a44bbb3d1e8c068a3b) Importer(815301076,1909f56bfc062723c751e8b465ee728b)
Start importing Assets/illusionloop.com/road props/Source Models/Materials/road objects low poly 2.mat using Guid(a13c3945339843a44bbb3d1e8c068a3b) Importer(815301076,1909f56bfc062723c751e8b465ee728b)  -> (artifact id: '26a3feec0637e7c9d1f771436df1e0e5') in 0.664726 seconds 
========================================================================
Received Import Request.
  Time since last request: 4.689096 seconds.
  path: Assets/illusionloop.com/road props/Physics
  artifactKey: Guid(8c29077f168429e4db3d9fd8eb979e88) Importer(815301076,1909f56bfc062723c751e8b465ee728b)
Start importing Assets/illusionloop.com/road props/Physics using Guid(8c29077f168429e4db3d9fd8eb979e88) Importer(815301076,1909f56bfc062723c751e8b465ee728b)  -> (artifact id: '42bd77ea074b448f7188eaf432a1c96c') in 0.019523 seconds 
========================================================================
Received Import Request.
  Time since last request: 0.000119 seconds.
  path: Assets/illusionloop.com/road props/Physics/high friction.physicMaterial
  artifactKey: Guid(171936b2342bb5d42897f44ff586e49b) Importer(815301076,1909f56bfc062723c751e8b465ee728b)
Start importing Assets/illusionloop.com/road props/Physics/high friction.physicMaterial using Guid(171936b2342bb5d42897f44ff586e49b) Importer(815301076,1909f56bfc062723c751e8b465ee728b)  -> (artifact id: '63d19855072a09a24c5e0c469c154b14') in 0.074897 seconds 
========================================================================
Received Import Request.
  Time since last request: 6.919964 seconds.
  path: Assets/illusionloop.com/road props/Prefabs - Mobile
  artifactKey: Guid(f9107754a116e644ebb25041ed682a13) Importer(815301076,1909f56bfc062723c751e8b465ee728b)
Start importing Assets/illusionloop.com/road props/Prefabs - Mobile using Guid(f9107754a116e644ebb25041ed682a13) Importer(815301076,1909f56bfc062723c751e8b465ee728b)  -> (artifact id: '9e1ed36b7f59ffd6298c563e403e8306') in 0.002579 seconds 
========================================================================
Received Import Request.
  Time since last request: 3.609737 seconds.
  path: Assets/illusionloop.com/road props/Prefabs - Mobile/Barrel with lid.prefab
  artifactKey: Guid(fa6cb9ce6d88e5f48923c8636a490305) Importer(815301076,1909f56bfc062723c751e8b465ee728b)
Start importing Assets/illusionloop.com/road props/Prefabs - Mobile/Barrel with lid.prefab using Guid(fa6cb9ce6d88e5f48923c8636a490305) Importer(815301076,1909f56bfc062723c751e8b465ee728b)  -> (artifact id: 'e8c59256da65a83d872536c1b488a384') in 0.189750 seconds 
========================================================================
Received Import Request.
  Time since last request: 0.000061 seconds.
  path: Assets/illusionloop.com/road props/Prefabs - Mobile/Fence.prefab
  artifactKey: Guid(6e39b733a9d84744f8ce0a261bea773d) Importer(815301076,1909f56bfc062723c751e8b465ee728b)
Start importing Assets/illusionloop.com/road props/Prefabs - Mobile/Fence.prefab using Guid(6e39b733a9d84744f8ce0a261bea773d) Importer(815301076,1909f56bfc062723c751e8b465ee728b)  -> (artifact id: '87c51261ec815ffd3c731bcdbef5b568') in 0.567035 seconds 
========================================================================
Received Import Request.
  Time since last request: 0.000144 seconds.
  path: Assets/illusionloop.com/road props/Prefabs - Mobile/Tire.prefab
  artifactKey: Guid(d0583c9de25a2a74b840226103de32c6) Importer(815301076,1909f56bfc062723c751e8b465ee728b)
Start importing Assets/illusionloop.com/road props/Prefabs - Mobile/Tire.prefab using Guid(d0583c9de25a2a74b840226103de32c6) Importer(815301076,1909f56bfc062723c751e8b465ee728b)  -> (artifact id: '1020a003153be6461c8686e4113904f4') in 0.408478 seconds 
========================================================================
Received Import Request.
  Time since last request: 0.000061 seconds.
  path: Assets/illusionloop.com/road props/Prefabs - Mobile/Stone Block.prefab
  artifactKey: Guid(6295f101397fed34cb0934d0aa62ac03) Importer(815301076,1909f56bfc062723c751e8b465ee728b)
Start importing Assets/illusionloop.com/road props/Prefabs - Mobile/Stone Block.prefab using Guid(6295f101397fed34cb0934d0aa62ac03) Importer(815301076,1909f56bfc062723c751e8b465ee728b)  -> (artifact id: '5a8b73f11c62e8dbc8dcb4992589a7e8') in 0.270815 seconds 
========================================================================
Received Import Request.
  Time since last request: 0.000147 seconds.
  path: Assets/illusionloop.com/road props/Prefabs - Mobile/Barrier Metal.prefab
  artifactKey: Guid(0e94d8b898def674d81f6e682777513d) Importer(815301076,1909f56bfc062723c751e8b465ee728b)
Start importing Assets/illusionloop.com/road props/Prefabs - Mobile/Barrier Metal.prefab using Guid(0e94d8b898def674d81f6e682777513d) Importer(815301076,1909f56bfc062723c751e8b465ee728b)  -> (artifact id: '2a35ed8349bae10ede4bc81a0af56ee2') in 0.286794 seconds 
========================================================================
Received Import Request.
  Time since last request: 0.000055 seconds.
  path: Assets/illusionloop.com/road props/Prefabs - Standard/Barrier Heavy.prefab
  artifactKey: Guid(8ebf2155e10a4f14ab835414d879b666) Importer(815301076,1909f56bfc062723c751e8b465ee728b)
Start importing Assets/illusionloop.com/road props/Prefabs - Standard/Barrier Heavy.prefab using Guid(8ebf2155e10a4f14ab835414d879b666) Importer(815301076,1909f56bfc062723c751e8b465ee728b)  -> (artifact id: 'bd565a7c0d3767bf668b10f4b474ecf7') in 2.156029 seconds 
========================================================================
Received Import Request.
  Time since last request: 0.000697 seconds.
  path: Assets/illusionloop.com/road props/Prefabs - Mobile/Lamp Orange.prefab
  artifactKey: Guid(0a78b1d18f00ef74c80bc18094d09c48) Importer(815301076,1909f56bfc062723c751e8b465ee728b)
Start importing Assets/illusionloop.com/road props/Prefabs - Mobile/Lamp Orange.prefab using Guid(0a78b1d18f00ef74c80bc18094d09c48) Importer(815301076,1909f56bfc062723c751e8b465ee728b)  -> (artifact id: '4b6dc63476bfb8cd4db72015f35d0914') in 0.128842 seconds 
========================================================================
Received Import Request.
  Time since last request: 0.000064 seconds.
  path: Assets/illusionloop.com/road props/Prefabs - Mobile/Barrier Heavy.prefab
  artifactKey: Guid(e74cc5dcccf056846b28e67dac84038e) Importer(815301076,1909f56bfc062723c751e8b465ee728b)
Start importing Assets/illusionloop.com/road props/Prefabs - Mobile/Barrier Heavy.prefab using Guid(e74cc5dcccf056846b28e67dac84038e) Importer(815301076,1909f56bfc062723c751e8b465ee728b)  -> (artifact id: '9ac815411d6975683cbe3b1658116136') in 0.125643 seconds 
========================================================================
Received Import Request.
  Time since last request: 0.000070 seconds.
  path: Assets/illusionloop.com/road props/Prefabs - Standard/Road Cone.prefab
  artifactKey: Guid(7ed407e0aeced17448a2a8beade4d639) Importer(815301076,1909f56bfc062723c751e8b465ee728b)
Start importing Assets/illusionloop.com/road props/Prefabs - Standard/Road Cone.prefab using Guid(7ed407e0aeced17448a2a8beade4d639) Importer(815301076,1909f56bfc062723c751e8b465ee728b)  -> (artifact id: 'ed31b7b51103272d31f7b0cc49dec377') in 0.166350 seconds 
========================================================================
Received Import Request.
  Time since last request: 0.000122 seconds.
  path: Assets/illusionloop.com/road props/Prefabs - Mobile/Lamp Yellow.prefab
  artifactKey: Guid(bd31283bcf0ea3b49b40a992d75e217d) Importer(815301076,1909f56bfc062723c751e8b465ee728b)
Start importing Assets/illusionloop.com/road props/Prefabs - Mobile/Lamp Yellow.prefab using Guid(bd31283bcf0ea3b49b40a992d75e217d) Importer(815301076,1909f56bfc062723c751e8b465ee728b)  -> (artifact id: '72b9f7787258bf5e792c8ddf4af34e11') in 0.164773 seconds 
========================================================================
Received Import Request.
  Time since last request: 0.000062 seconds.
  path: Assets/illusionloop.com/road props/Prefabs - Mobile/Road Cone.prefab
  artifactKey: Guid(2b3cabd4b48b10844aaf7f6b97260292) Importer(815301076,1909f56bfc062723c751e8b465ee728b)
Start importing Assets/illusionloop.com/road props/Prefabs - Mobile/Road Cone.prefab using Guid(2b3cabd4b48b10844aaf7f6b97260292) Importer(815301076,1909f56bfc062723c751e8b465ee728b)  -> (artifact id: '674172cef0df5b4349d63136f75fcf31') in 0.135231 seconds 
========================================================================
Received Import Request.
  Time since last request: 0.000073 seconds.
  path: Assets/illusionloop.com/road props/Prefabs - Mobile/Barrier Plastic.prefab
  artifactKey: Guid(81bbc4e0fa172a54e9f291ecccaec2c7) Importer(815301076,1909f56bfc062723c751e8b465ee728b)
Start importing Assets/illusionloop.com/road props/Prefabs - Mobile/Barrier Plastic.prefab using Guid(81bbc4e0fa172a54e9f291ecccaec2c7) Importer(815301076,1909f56bfc062723c751e8b465ee728b)  -> (artifact id: '92ed8412f76e1ec3a3e758a5f4334810') in 0.165663 seconds 
========================================================================
Received Import Request.
  Time since last request: 0.206784 seconds.
  path: Assets/illusionloop.com/road props/Prefabs - Mobile/Bollard.prefab
  artifactKey: Guid(a9e65c6e583d9244099eafc6d8e2b2ce) Importer(815301076,1909f56bfc062723c751e8b465ee728b)
Start importing Assets/illusionloop.com/road props/Prefabs - Mobile/Bollard.prefab using Guid(a9e65c6e583d9244099eafc6d8e2b2ce) Importer(815301076,1909f56bfc062723c751e8b465ee728b)  -> (artifact id: 'ae167a8e124580e3371328f376d668d7') in 0.124223 seconds 
========================================================================
Received Import Request.
  Time since last request: 0.000068 seconds.
  path: Assets/illusionloop.com/road props/Prefabs - Mobile/Rubber Block.prefab
  artifactKey: Guid(038775e0d4ace554c81761fe864c244d) Importer(815301076,1909f56bfc062723c751e8b465ee728b)
Start importing Assets/illusionloop.com/road props/Prefabs - Mobile/Rubber Block.prefab using Guid(038775e0d4ace554c81761fe864c244d) Importer(815301076,1909f56bfc062723c751e8b465ee728b)  -> (artifact id: '26f76ac1a009e51771a92ca829a13b21') in 0.150904 seconds 
========================================================================
Received Import Request.
  Time since last request: 0.000087 seconds.
  path: Assets/illusionloop.com/road props/Prefabs - Mobile/Lid.prefab
  artifactKey: Guid(527fe760d050d9a48abccc1b00168730) Importer(815301076,1909f56bfc062723c751e8b465ee728b)
Start importing Assets/illusionloop.com/road props/Prefabs - Mobile/Lid.prefab using Guid(527fe760d050d9a48abccc1b00168730) Importer(815301076,1909f56bfc062723c751e8b465ee728b)  -> (artifact id: '29bccd56229885e08fcfece59b416e5f') in 0.147319 seconds 
========================================================================
Received Import Request.
  Time since last request: 0.000066 seconds.
  path: Assets/illusionloop.com/road props/Prefabs - Mobile/Water Barrel.prefab
  artifactKey: Guid(69ab91bbdec462a41a8aaacf3ec0289b) Importer(815301076,1909f56bfc062723c751e8b465ee728b)
Start importing Assets/illusionloop.com/road props/Prefabs - Mobile/Water Barrel.prefab using Guid(69ab91bbdec462a41a8aaacf3ec0289b) Importer(815301076,1909f56bfc062723c751e8b465ee728b)  -> (artifact id: 'fbc10ab84d0eb216e32950581be4ef2e') in 0.142557 seconds 
========================================================================
Received Import Request.
  Time since last request: 0.000078 seconds.
  path: Assets/illusionloop.com/road props/Prefabs - Mobile/Rubber Stand.prefab
  artifactKey: Guid(bf1f2c799327053438f9ae52c4f2c522) Importer(815301076,1909f56bfc062723c751e8b465ee728b)
Start importing Assets/illusionloop.com/road props/Prefabs - Mobile/Rubber Stand.prefab using Guid(bf1f2c799327053438f9ae52c4f2c522) Importer(815301076,1909f56bfc062723c751e8b465ee728b)  -> (artifact id: 'b201fffe913c4195e966016b9c84f5af') in 0.156713 seconds 
========================================================================
Received Import Request.
  Time since last request: 0.000063 seconds.
  path: Assets/illusionloop.com/road props/Prefabs - Mobile/Tire Stack.prefab
  artifactKey: Guid(8616e7e5b07b9d245b2aba184c6f035c) Importer(815301076,1909f56bfc062723c751e8b465ee728b)
Start importing Assets/illusionloop.com/road props/Prefabs - Mobile/Tire Stack.prefab using Guid(8616e7e5b07b9d245b2aba184c6f035c) Importer(815301076,1909f56bfc062723c751e8b465ee728b)  -> (artifact id: '9f568de498e978d67db6b1f96c7d5d33') in 0.200143 seconds 
